Looking in indexes: https://download.pytorch.org/whl/cpu
Collecting torch==2.5.1
  Downloading torch-2.5.1%2Bcpu-cp311-cp311-linux_x86_64.whl (174.7 MB)
     ━━━━━━━━━━━━━━━━━━━━━━━━━━━━━━━━━━━━━━━━ 174.7/174.7 MB 128.5 MB/s  0:00:01
Collecting torchvision==0.20.1
  Downloading torchvision-0.20.1%2Bcpu-cp311-cp311-linux_x86_64.whl (1.8 MB)
     ━━━━━━━━━━━━━━━━━━━━━━━━━━━━━━━━━━━━━━━━ 1.8/1.8 MB 106.8 MB/s  0:00:00
Collecting filelock (from torch==2.5.1)
  Downloading filelock-3.32.3-py3-none-any.whl.metadata (2.0 kB)
Collecting typing-extensions>=4.8.0 (from torch==2.5.1)
  Downloading typing_extensions-4.16.0-py3-none-any.whl.metadata (3.3 kB)
Collecting networkx (from torch==2.5.1)
  Downloading networkx-3.6.1-py3-none-any.whl.metadata (6.8 kB)
Collecting jinja2 (from torch==2.5.1)
  Downloading jinja2-3.1.6-py3-none-any.whl.metadata (2.9 kB)
Collecting fsspec (from torch==2.5.1)
  Downloading fsspec-2026.7.0-py3-none-any.whl.metadata (10 kB)
Collecting sympy==1.13.1 (from torch==2.5.1)
  Downloading sympy-1.13.1-py3-none-any.whl.metadata (12 kB)
Collecting numpy (from torchvision==0.20.1)
  Downloading numpy-2.4.6-cp311-cp311-manylinux_2_27_x86_64.manylinux_2_28_x86_64.whl.metadata (6.6 kB)
Collecting pillow!=8.3.*,>=5.3.0 (from torchvision==0.20.1)
  Downloading pillow-12.3.0-cp311-cp311-manylinux_2_27_x86_64.manylinux_2_28_x86_64.whl.metadata (9.1 kB)
Collecting mpmath<1.4,>=1.1.0 (from sympy==1.13.1->torch==2.5.1)
  Downloading mpmath-1.3.0-py3-none-any.whl.metadata (8.6 kB)
Collecting MarkupSafe>=2.0 (from jinja2->torch==2.5.1)
  Downloading markupsafe-3.0.3-cp311-cp311-manylinux2014_x86_64.manylinux_2_17_x86_64.manylinux_2_28_x86_64.whl.metadata (2.7 kB)
Downloading sympy-1.13.1-py3-none-any.whl (6.2 MB)
   ━━━━━━━━━━━━━━━━━━━━━━━━━━━━━━━━━━━━━━━━ 6.2/6.2 MB 72.5 MB/s  0:00:00
Downloading mpmath-1.3.0-py3-none-any.whl (536 kB)
   ━━━━━━━━━━━━━━━━━━━━━━━━━━━━━━━━━━━━━━━━ 536.2/536.2 kB 25.8 MB/s  0:00:00
Downloading pillow-12.3.0-cp311-cp311-manylinux_2_27_x86_64.manylinux_2_28_x86_64.whl (6.9 MB)
   ━━━━━━━━━━━━━━━━━━━━━━━━━━━━━━━━━━━━━━━━ 6.9/6.9 MB 89.1 MB/s  0:00:00
Downloading typing_extensions-4.16.0-py3-none-any.whl (45 kB)
Downloading filelock-3.32.3-py3-none-any.whl (98 kB)
Downloading fsspec-2026.7.0-py3-none-any.whl (206 kB)
Downloading jinja2-3.1.6-py3-none-any.whl (134 kB)
Downloading markupsafe-3.0.3-cp311-cp311-manylinux2014_x86_64.manylinux_2_17_x86_64.manylinux_2_28_x86_64.whl (22 kB)
Downloading networkx-3.6.1-py3-none-any.whl (2.1 MB)
   ━━━━━━━━━━━━━━━━━━━━━━━━━━━━━━━━━━━━━━━━ 2.1/2.1 MB 122.5 MB/s  0:00:00
Downloading numpy-2.4.6-cp311-cp311-manylinux_2_27_x86_64.manylinux_2_28_x86_64.whl (16.9 MB)
   ━━━━━━━━━━━━━━━━━━━━━━━━━━━━━━━━━━━━━━━━ 16.9/16.9 MB 117.5 MB/s  0:00:00
Installing collected packages: mpmath, typing-extensions, sympy, pillow, numpy, networkx, MarkupSafe, fsspec, filelock, jinja2, torch, torchvision

Successfully installed MarkupSafe-3.0.3 filelock-3.32.3 fsspec-2026.7.0 jinja2-3.1.6 mpmath-1.3.0 networkx-3.6.1 numpy-2.4.6 pillow-12.3.0 sympy-1.13.1 torch-2.5.1+cpu torchvision-0.20.1+cpu typing-extensions-4.16.0
Collecting timm==1.0.12
  Downloading timm-1.0.12-py3-none-any.whl.metadata (51 kB)
Collecting huggingface_hub==0.26.5
  Downloading huggingface_hub-0.26.5-py3-none-any.whl.metadata (13 kB)
Collecting safetensors==0.4.5
  Downloading safetensors-0.4.5-cp311-cp311-manylinux_2_17_x86_64.manylinux2014_x86_64.whl.metadata (3.8 kB)
Collecting onnx==1.17.0
  Downloading onnx-1.17.0-cp311-cp311-manylinux_2_17_x86_64.manylinux2014_x86_64.whl.metadata (16 kB)
Collecting onnxruntime==1.20.1
  Downloading onnxruntime-1.20.1-cp311-cp311-manylinux_2_27_x86_64.manylinux_2_28_x86_64.whl.metadata (4.5 kB)
Collecting numpy==1.26.4
  Downloading numpy-1.26.4-cp311-cp311-manylinux_2_17_x86_64.manylinux2014_x86_64.whl.metadata (61 kB)
Requirement already satisfied: pillow in /opt/hostedtoolcache/Python/3.11.16/x64/lib/python3.11/site-packages (12.3.0)
Collecting opencv-python-headless==4.10.0.84
  Downloading opencv_python_headless-4.10.0.84-cp37-abi3-manylinux_2_17_x86_64.manylinux2014_x86_64.whl.metadata (20 kB)
Requirement already satisfied: torch in /opt/hostedtoolcache/Python/3.11.16/x64/lib/python3.11/site-packages (from timm==1.0.12) (2.5.1+cpu)
Requirement already satisfied: torchvision in /opt/hostedtoolcache/Python/3.11.16/x64/lib/python3.11/site-packages (from timm==1.0.12) (0.20.1+cpu)
Collecting pyyaml (from timm==1.0.12)
  Downloading pyyaml-6.0.3-cp311-cp311-manylinux2014_x86_64.manylinux_2_17_x86_64.manylinux_2_28_x86_64.whl.metadata (2.4 kB)
Requirement already satisfied: filelock in /opt/hostedtoolcache/Python/3.11.16/x64/lib/python3.11/site-packages (from huggingface_hub==0.26.5) (3.32.3)
Requirement already satisfied: fsspec>=2023.5.0 in /opt/hostedtoolcache/Python/3.11.16/x64/lib/python3.11/site-packages (from huggingface_hub==0.26.5) (2026.7.0)
Collecting packaging>=20.9 (from huggingface_hub==0.26.5)
  Downloading packaging-26.3-py3-none-any.whl.metadata (3.5 kB)
Collecting requests (from huggingface_hub==0.26.5)
  Downloading requests-2.34.2-py3-none-any.whl.metadata (4.8 kB)
Collecting tqdm>=4.42.1 (from huggingface_hub==0.26.5)
  Downloading tqdm-4.70.1-py3-none-any.whl.metadata (57 kB)
Requirement already satisfied: typing-extensions>=3.7.4.3 in /opt/hostedtoolcache/Python/3.11.16/x64/lib/python3.11/site-packages (from huggingface_hub==0.26.5) (4.16.0)
Collecting protobuf>=3.20.2 (from onnx==1.17.0)
  Downloading protobuf-7.36.2-cp310-abi3-manylinux2014_x86_64.whl.metadata (595 bytes)
Collecting coloredlogs (from onnxruntime==1.20.1)
  Downloading coloredlogs-15.0.1-py2.py3-none-any.whl.metadata (12 kB)
Collecting flatbuffers (from onnxruntime==1.20.1)
  Downloading flatbuffers-25.12.19-py2.py3-none-any.whl.metadata (1.0 kB)
Requirement already satisfied: sympy in /opt/hostedtoolcache/Python/3.11.16/x64/lib/python3.11/site-packages (from onnxruntime==1.20.1) (1.13.1)
Collecting humanfriendly>=9.1 (from coloredlogs->onnxruntime==1.20.1)
  Downloading humanfriendly-10.0-py2.py3-none-any.whl.metadata (9.2 kB)
Collecting charset_normalizer<4,>=2 (from requests->huggingface_hub==0.26.5)
  Downloading charset_normalizer-3.5.2-cp311-cp311-manylinux2014_x86_64.manylinux_2_17_x86_64.manylinux_2_28_x86_64.whl.metadata (46 kB)
Collecting idna<4,>=2.5 (from requests->huggingface_hub==0.26.5)
  Downloading idna-3.20-py3-none-any.whl.metadata (7.2 kB)
Collecting urllib3<3,>=1.26 (from requests->huggingface_hub==0.26.5)
  Downloading urllib3-2.8.0-py3-none-any.whl.metadata (7.4 kB)
Collecting certifi>=2023.5.7 (from requests->huggingface_hub==0.26.5)
  Downloading certifi-2026.7.22-py3-none-any.whl.metadata (2.5 kB)
Requirement already satisfied: mpmath<1.4,>=1.1.0 in /opt/hostedtoolcache/Python/3.11.16/x64/lib/python3.11/site-packages (from sympy->onnxruntime==1.20.1) (1.3.0)
Requirement already satisfied: networkx in /opt/hostedtoolcache/Python/3.11.16/x64/lib/python3.11/site-packages (from torch->timm==1.0.12) (3.6.1)
Requirement already satisfied: jinja2 in /opt/hostedtoolcache/Python/3.11.16/x64/lib/python3.11/site-packages (from torch->timm==1.0.12) (3.1.6)
Requirement already satisfied: MarkupSafe>=2.0 in /opt/hostedtoolcache/Python/3.11.16/x64/lib/python3.11/site-packages (from jinja2->torch->timm==1.0.12) (3.0.3)
Downloading timm-1.0.12-py3-none-any.whl (2.4 MB)
   ━━━━━━━━━━━━━━━━━━━━━━━━━━━━━━━━━━━━━━━━ 2.4/2.4 MB 20.2 MB/s  0:00:00
Downloading huggingface_hub-0.26.5-py3-none-any.whl (447 kB)
Downloading safetensors-0.4.5-cp311-cp311-manylinux_2_17_x86_64.manylinux2014_x86_64.whl (435 kB)
Downloading onnx-1.17.0-cp311-cp311-manylinux_2_17_x86_64.manylinux2014_x86_64.whl (16.0 MB)
   ━━━━━━━━━━━━━━━━━━━━━━━━━━━━━━━━━━━━━━━━ 16.0/16.0 MB 86.4 MB/s  0:00:00
Downloading onnxruntime-1.20.1-cp311-cp311-manylinux_2_27_x86_64.manylinux_2_28_x86_64.whl (13.3 MB)
   ━━━━━━━━━━━━━━━━━━━━━━━━━━━━━━━━━━━━━━━━ 13.3/13.3 MB 102.8 MB/s  0:00:00
Downloading numpy-1.26.4-cp311-cp311-manylinux_2_17_x86_64.manylinux2014_x86_64.whl (18.3 MB)
   ━━━━━━━━━━━━━━━━━━━━━━━━━━━━━━━━━━━━━━━━ 18.3/18.3 MB 117.7 MB/s  0:00:00
Downloading opencv_python_headless-4.10.0.84-cp37-abi3-manylinux_2_17_x86_64.manylinux2014_x86_64.whl (49.9 MB)
   ━━━━━━━━━━━━━━━━━━━━━━━━━━━━━━━━━━━━━━━━ 49.9/49.9 MB 126.7 MB/s  0:00:00
Downloading packaging-26.3-py3-none-any.whl (129 kB)
Downloading protobuf-7.36.2-cp310-abi3-manylinux2014_x86_64.whl (343 kB)
Downloading pyyaml-6.0.3-cp311-cp311-manylinux2014_x86_64.manylinux_2_17_x86_64.manylinux_2_28_x86_64.whl (806 kB)
   ━━━━━━━━━━━━━━━━━━━━━━━━━━━━━━━━━━━━━━━━ 806.6/806.6 kB 86.7 MB/s  0:00:00
Downloading tqdm-4.70.1-py3-none-any.whl (80 kB)
Downloading coloredlogs-15.0.1-py2.py3-none-any.whl (46 kB)
Downloading humanfriendly-10.0-py2.py3-none-any.whl (86 kB)
Downloading flatbuffers-25.12.19-py2.py3-none-any.whl (26 kB)
Downloading requests-2.34.2-py3-none-any.whl (73 kB)
Downloading charset_normalizer-3.5.2-cp311-cp311-manylinux2014_x86_64.manylinux_2_17_x86_64.manylinux_2_28_x86_64.whl (269 kB)
Downloading idna-3.20-py3-none-any.whl (69 kB)
Downloading urllib3-2.8.0-py3-none-any.whl (135 kB)
Downloading certifi-2026.7.22-py3-none-any.whl (136 kB)
Installing collected packages: flatbuffers, urllib3, tqdm, safetensors, pyyaml, protobuf, packaging, numpy, idna, humanfriendly, charset_normalizer, certifi, requests, opencv-python-headless, onnx, coloredlogs, onnxruntime, huggingface_hub, timm
  Attempting uninstall: numpy
    Found existing installation: numpy 2.4.6
    Uninstalling numpy-2.4.6:
      Successfully uninstalled numpy-2.4.6

Successfully installed certifi-2026.7.22 charset_normalizer-3.5.2 coloredlogs-15.0.1 flatbuffers-25.12.19 huggingface_hub-0.26.5 humanfriendly-10.0 idna-3.20 numpy-1.26.4 onnx-1.17.0 onnxruntime-1.20.1 opencv-python-headless-4.10.0.84 packaging-26.3 protobuf-7.36.2 pyyaml-6.0.3 requests-2.34.2 safetensors-0.4.5 timm-1.0.12 tqdm-4.70.1 urllib3-2.8.0
certifi==2026.7.22
charset-normalizer==3.5.2
coloredlogs==15.0.1
filelock==3.32.3
flatbuffers==25.12.19
fsspec==2026.7.0
huggingface-hub==0.26.5
humanfriendly==10.0
idna==3.20
Jinja2==3.1.6
MarkupSafe==3.0.3
mpmath==1.3.0
networkx==3.6.1
numpy==1.26.4
onnx==1.17.0
onnxruntime==1.20.1
opencv-python-headless==4.10.0.84
packaging==26.3
pillow==12.3.0
protobuf==7.36.2
PyYAML==6.0.3
requests==2.34.2
safetensors==0.4.5
sympy==1.13.1
timm==1.0.12
torch==2.5.1+cpu
torchvision==0.20.1+cpu
tqdm==4.70.1
typing_extensions==4.16.0
urllib3==2.8.0
